00:00 +0: loading C:/anti_gravity/color_iq_utils/test/accented_test.dart
00:00 +0: C:/anti_gravity/color_iq_utils/test/accented_test.dart: Accented Method Tests HctColor accented increases chroma and tone
00:00 +1: C:/anti_gravity/color_iq_utils/test/accented_test.dart: Accented Method Tests ColorIQ accented delegates to HctColor
00:00 +2: C:/anti_gravity/color_iq_utils/test/accented_test.dart: Accented Method Tests Accented clamps tone to 100
00:00 +3: C:/anti_gravity/color_iq_utils/test/additional_test.dart: Additional Color Conversion Tests RGB to HSP conversion (Red)
00:00 +3: C:/anti_gravity/color_iq_utils/test/accented_test.dart: Accented Method Tests Accented works across different color models
Γ£ô Accented color model test completed
  Original RGB: 4284782280
  Accented RGB: 4283673849
  Accented XYZ: 4283673849
  Accented LAB: 4283673849
  Accented LUV: 4283673849
00:00 +4: C:/anti_gravity/color_iq_utils/test/additional_test.dart: Additional Color Conversion Tests RGB to HSP conversion (Red)
00:00 +5: C:/anti_gravity/color_iq_utils/test/additional_test.dart: Additional Color Conversion Tests RGB to YIQ conversion (White)
00:00 +6: C:/anti_gravity/color_iq_utils/test/additional_test.dart: Additional Color Conversion Tests RGB to YUV conversion (White)
00:00 +7: C:/anti_gravity/color_iq_utils/test/additional_test.dart: Additional Color Conversion Tests RGB to OkLab conversion (White)
00:00 +8: C:/anti_gravity/color_iq_utils/test/additional_test.dart: Additional Color Conversion Tests RGB to OkLch conversion (Red)
00:00 +9: C:/anti_gravity/color_iq_utils/test/additional_test.dart: Additional Color Conversion Tests RGB to Hunter Lab conversion (White)
00:00 +10: C:/anti_gravity/color_iq_utils/test/advanced_test.dart: Advanced Color Conversion Tests RGB to XYZ conversion (White)
00:00 +11: C:/anti_gravity/color_iq_utils/test/advanced_test.dart: Advanced Color Conversion Tests RGB to Lab conversion (Red)
00:00 +12: C:/anti_gravity/color_iq_utils/test/advanced_test.dart: Advanced Color Conversion Tests RGB to Luv conversion (Green)
00:00 +13: C:/anti_gravity/color_iq_utils/test/advanced_test.dart: Advanced Color Conversion Tests RGB to LCH conversion (Blue)
Tested RGB to LCH conversion and back successfully.
00:00 +14: C:/anti_gravity/color_iq_utils/test/advanced_test.dart: Advanced Color Conversion Tests Black conversion
00:00 +15: C:/anti_gravity/color_iq_utils/test/brighten_test.dart: Brighten ColorIQ.brighten increases HSV Value
00:00 +16: C:/anti_gravity/color_iq_utils/test/brighten_test.dart: Brighten HsvColor.brighten increases Value
00:00 +17: C:/anti_gravity/color_iq_utils/test/brighten_test.dart: Brighten Brighten vs Lighten
00:00 +18: C:/anti_gravity/color_iq_utils/test/brighten_test.dart: Brighten CmykColor.brighten delegates correctly
00:00 +19: C:/anti_gravity/color_iq_utils/test/cam16_refactor_test.dart: Cam16Color Refactor Tests whiten increases J
00:00 +20: C:/anti_gravity/color_iq_utils/test/cam16_refactor_test.dart: Cam16Color Refactor Tests blacken decreases J
00:00 +21: C:/anti_gravity/color_iq_utils/test/cam16_refactor_test.dart: Cam16Color Refactor Tests lerp interpolates correctly
00:00 +22: C:/anti_gravity/color_iq_utils/test/cam16_refactor_test.dart: Cam16Color Refactor Tests lerp handles hue wrapping
00:00 +23: C:/anti_gravity/color_iq_utils/test/cam16_refactor_test.dart: Cam16Color Refactor Tests saturate increases chroma
00:00 +24: C:/anti_gravity/color_iq_utils/test/cam16_refactor_test.dart: Cam16Color Refactor Tests desaturate decreases chroma
00:00 +25: C:/anti_gravity/color_iq_utils/test/cam16_refactor_test.dart: Cam16Color Refactor Tests intensify increases s
00:00 +26: C:/anti_gravity/color_iq_utils/test/cam16_refactor_test.dart: Cam16Color Refactor Tests deintensify decreases s
00:00 +27: C:/anti_gravity/color_iq_utils/test/cmyk_refactor_test.dart: CmykColor Refactor Tests whiten decreases K
00:00 +28: C:/anti_gravity/color_iq_utils/test/cmyk_refactor_test.dart: CmykColor Refactor Tests blacken increases K
00:00 +29: C:/anti_gravity/color_iq_utils/test/cmyk_refactor_test.dart: CmykColor Refactor Tests lerp interpolates correctly
00:00 +30: C:/anti_gravity/color_iq_utils/test/cmyk_refactor_test.dart: CmykColor Refactor Tests lighterPalette generates lighter colors
00:00 +31: C:/anti_gravity/color_iq_utils/test/cmyk_refactor_test.dart: CmykColor Refactor Tests darkerPalette generates darker colors
00:00 +32: C:/anti_gravity/color_iq_utils/test/cmyk_test.dart: CMYK Conversion Tests Black conversion
00:00 +33: C:/anti_gravity/color_iq_utils/test/cmyk_test.dart: CMYK Conversion Tests White conversion
00:00 +34: C:/anti_gravity/color_iq_utils/test/cmyk_test.dart: CMYK Conversion Tests Red conversion
00:00 +35: C:/anti_gravity/color_iq_utils/test/cmyk_test.dart: CMYK Conversion Tests Green conversion
00:00 +36: C:/anti_gravity/color_iq_utils/test/cmyk_test.dart: CMYK Conversion Tests Blue conversion
00:00 +37: C:/anti_gravity/color_iq_utils/test/cmyk_test.dart: CMYK Conversion Tests Arbitrary color conversion
Γ£ô Arbitrary color conversion test completed
  Original RGB: (0, 128, 128)
  CMYK: C=1.00, M=0.00, Y=0.00, K=0.50
  Back to RGB: (0, 128, 128)
00:00 +38: C:/anti_gravity/color_iq_utils/test/color_blindness_test.dart: Color Blindness Tests Simulate Protanopia
00:00 +39: C:/anti_gravity/color_iq_utils/test/color_blindness_test.dart: Color Blindness Tests Simulate Deuteranopia
00:00 +40: C:/anti_gravity/color_iq_utils/test/color_blindness_test.dart: Color Blindness Tests Simulate Tritanopia
00:00 +41: C:/anti_gravity/color_iq_utils/test/color_blindness_test.dart: Color Blindness Tests Simulate Achromatopsia
00:00 +42: C:/anti_gravity/color_iq_utils/test/color_blindness_test.dart: Color Blindness Tests Delegation works for other models
00:00 +43: C:/anti_gravity/color_iq_utils/test/color_description_test.dart: ColorDescriptor Achromatic colors
00:00 +44: C:/anti_gravity/color_iq_utils/test/color_description_test.dart: ColorDescriptor Chromatic colors
00:00 +45: C:/anti_gravity/color_iq_utils/test/color_description_test.dart: ColorDescriptor Hue mapping
00:00 +46: C:/anti_gravity/color_iq_utils/test/color_iq_utils_test.dart: A group of tests First Test
00:00 +47: C:/anti_gravity/color_iq_utils/test/color_wheels_test.dart: Color Wheels Tests generateHsvWheel returns 60 slices
00:00 +48: C:/anti_gravity/color_iq_utils/test/color_wheels_test.dart: Color Wheels Tests generateHctWheel returns 60 slices
00:01 +49: C:/anti_gravity/color_iq_utils/test/color_wheels_test.dart: Color Wheels Tests Color names are populated
00:01 +50: C:/anti_gravity/color_iq_utils/test/color_wheels_test.dart: Color Wheels Tests Custom parameters work
00:01 +51: C:/anti_gravity/color_iq_utils/test/color_wheels_test.dart: Color Wheels Tests getHsvWheelMap returns map with correct keys
00:01 +52: C:/anti_gravity/color_iq_utils/test/color_wheels_test.dart: Color Wheels Tests getHctWheelMap returns map with correct keys
00:01 +53: C:/anti_gravity/color_iq_utils/test/copywith_monochromatic_test.dart: CopyWith and Monochromatic Tests ColorIQ copyWith
00:01 +54: C:/anti_gravity/color_iq_utils/test/copywith_monochromatic_test.dart: CopyWith and Monochromatic Tests HslColor copyWith
00:01 +55: C:/anti_gravity/color_iq_utils/test/copywith_monochromatic_test.dart: CopyWith and Monochromatic Tests CmykColor copyWith
00:01 +56: C:/anti_gravity/color_iq_utils/test/copywith_monochromatic_test.dart: CopyWith and Monochromatic Tests ColorIQ Monochromatic
00:01 +57: C:/anti_gravity/color_iq_utils/test/copywith_monochromatic_test.dart: CopyWith and Monochromatic Tests HslColor Monochromatic (Native)
00:01 +58: C:/anti_gravity/color_iq_utils/test/copywith_monochromatic_test.dart: CopyWith and Monochromatic Tests CmykColor Monochromatic (Delegated)
00:01 +59: C:/anti_gravity/color_iq_utils/test/css_test.dart: CSS String Tests toCssString Hex
00:01 +60: C:/anti_gravity/color_iq_utils/test/css_test.dart: CSS String Tests toCssString RGB
00:01 +61: C:/anti_gravity/color_iq_utils/test/css_test.dart: CSS String Tests toCssString HSL
00:01 +62: C:/anti_gravity/color_iq_utils/test/css_test.dart: CSS String Tests toCssString OKLAB
00:01 +63: C:/anti_gravity/color_iq_utils/test/css_test.dart: CSS String Tests fromCssString Hex
00:01 +64: C:/anti_gravity/color_iq_utils/test/css_test.dart: CSS String Tests fromCssString RGB
00:01 +65: C:/anti_gravity/color_iq_utils/test/css_test.dart: CSS String Tests fromCssString HSL
00:01 +66: C:/anti_gravity/color_iq_utils/test/css_test.dart: CSS String Tests fromCssString OKLAB
00:01 +67: C:/anti_gravity/color_iq_utils/test/darken_test.dart: Darken Tests ColorIQ darken
ColorIQ darken: ColorIQ(0xFF990000)
00:01 +68: C:/anti_gravity/color_iq_utils/test/darken_test.dart: Darken Tests LabColor darken
LabColor darken: LabColor(l: 30.0, a: 20.00, b: 30.0)
00:01 +69: C:/anti_gravity/color_iq_utils/test/darken_test.dart: Darken Tests HslColor darken
HslColor darken: HslColor(h: 100.0, s: 0.5, l: 0.3, alpha: 1.00)
00:01 +70: C:/anti_gravity/color_iq_utils/test/darken_test.dart: Darken Tests HsvColor darken
HsvColor darken: HsvColor(h: 100.0, s: 0.50, v: 0.30, a: 1.00)
00:01 +71: C:/anti_gravity/color_iq_utils/test/darken_test.dart: Darken Tests OkLabColor darken
OkLabColor darken: OkLabColor(l: 0.30, a: 0.10, b: 0.10, alpha: 1.00)
00:01 +72: C:/anti_gravity/color_iq_utils/test/darken_test.dart: Darken Tests HctColor darken
HctColor darken: HctColor(hue: 100.0, chroma: 50.0, tone: 30.0)
00:01 +73: C:/anti_gravity/color_iq_utils/test/darken_test.dart: Darken Tests Darken clamping
Darken clamping: HslColor(h: 0.0, s: 0.0, l: 0.0, alpha: 1.00)
00:01 +74: C:/anti_gravity/color_iq_utils/test/delta_e_test.dart: Delta E Tests Self distance is 0
00:01 +75: C:/anti_gravity/color_iq_utils/test/delta_e_test.dart: Delta E Tests CIE76 Calculation
00:01 +76: C:/anti_gravity/color_iq_utils/test/delta_e_test.dart: Delta E Tests CIEDE2000 L-only difference
00:01 +77: C:/anti_gravity/color_iq_utils/test/delta_e_test.dart: Delta E Tests CIEDE2000 a-only difference
00:01 +78: C:/anti_gravity/color_iq_utils/test/delta_e_test.dart: Delta E Tests CIEDE2000 b-only difference
00:01 +79: C:/anti_gravity/color_iq_utils/test/delta_e_test.dart: Delta E Tests Extension works on other models
00:01 +80: C:/anti_gravity/color_iq_utils/test/display_p3_refactor_test.dart: DisplayP3Color Refactor Tests whiten increases RGB values
00:01 +80 -1: C:/anti_gravity/color_iq_utils/test/display_p3_refactor_test.dart: DisplayP3Color Refactor Tests whiten increases RGB values [E]
  RangeError: Range Error: Value must be between 0 and 1.0 -- srgbToLinear
  package:color_iq_utils/src/extensions/double_helpers.dart 70:7  DoubleHelpersIQ.assertRange0to1
  package:color_iq_utils/src/utils/color_math.dart 246:17         srgbToLinear
  package:color_iq_utils/src/models/display_p3_color.dart 65:25   DisplayP3Color.toHexId
  package:color_iq_utils/src/models/display_p3_color.dart 40:39   new DisplayP3Color.alt
  package:color_iq_utils/src/models/coloriq.dart 459:27           ColorIQ.toDisplayP3
  package:color_iq_utils/src/models/display_p3_color.dart 188:59  DisplayP3Color.lerp
  package:color_iq_utils/src/models/display_p3_color.dart 176:7   DisplayP3Color.whiten
  test\display_p3_refactor_test.dart 9:45                         main.<fn>.<fn>
  
00:01 +80 -1: C:/anti_gravity/color_iq_utils/test/distance_contrast_test.dart: Distance and Contrast Tests distanceTo self is 0
00:01 +81 -1: C:/anti_gravity/color_iq_utils/test/distance_contrast_test.dart: Distance and Contrast Tests distanceTo self is 0
00:01 +82 -1: C:/anti_gravity/color_iq_utils/test/distance_contrast_test.dart: Distance and Contrast Tests distanceTo self is 0
00:01 +82 -2: C:/anti_gravity/color_iq_utils/test/distance_contrast_test.dart: Distance and Contrast Tests distanceTo self is 0
00:01 +82 -2: C:/anti_gravity/color_iq_utils/test/display_p3_refactor_test.dart: DisplayP3Color Refactor Tests lighterPalette generates lighter colors [E]
  RangeError: Range Error: Value must be between 0 and 1.0 -- srgbToLinear
  package:color_iq_utils/src/extensions/double_helpers.dart 70:7  DoubleHelpersIQ.assertRange0to1
  package:color_iq_utils/src/utils/color_math.dart 246:17         srgbToLinear
  package:color_iq_utils/src/models/display_p3_color.dart 65:25   DisplayP3Color.toHexId
  package:color_iq_utils/src/models/display_p3_color.dart 40:39   new DisplayP3Color.alt
  package:color_iq_utils/src/models/coloriq.dart 459:27           ColorIQ.toDisplayP3
  package:color_iq_utils/src/models/display_p3_color.dart 188:59  DisplayP3Color.lerp
  package:color_iq_utils/src/models/display_p3_color.dart 176:7   DisplayP3Color.whiten
  package:color_iq_utils/src/models/display_p3_color.dart 238:19  DisplayP3Color.lighterPalette
  test\display_p3_refactor_test.dart 38:49                        main.<fn>.<fn>
  
00:01 +83 -2: C:/anti_gravity/color_iq_utils/test/distance_contrast_test.dart: Distance and Contrast Tests distanceTo self is 0
00:01 +84 -2: C:/anti_gravity/color_iq_utils/test/distance_contrast_test.dart: Distance and Contrast Tests distanceTo works for different colors
00:01 +85 -2: C:/anti_gravity/color_iq_utils/test/distance_contrast_test.dart: Distance and Contrast Tests contrastWith self is 1.0
00:01 +86 -2: C:/anti_gravity/color_iq_utils/test/distance_contrast_test.dart: Distance and Contrast Tests contrastWith black and white is 21.0
00:01 +87 -2: C:/anti_gravity/color_iq_utils/test/distance_contrast_test.dart: Distance and Contrast Tests contrastWith delegates correctly
00:01 +88 -2: C:/anti_gravity/color_iq_utils/test/distance_contrast_test.dart: Closest Color Slice Tests Red maps to Red slice
00:01 +89 -2: C:/anti_gravity/color_iq_utils/test/distance_contrast_test.dart: Closest Color Slice Tests Cyan maps to Turquoise slice in HCT
00:01 +90 -2: C:/anti_gravity/color_iq_utils/test/distance_contrast_test.dart: Closest Color Slice Tests Delegation works
00:01 +91 -2: C:/anti_gravity/color_iq_utils/test/gamut_whitepoint_json_test.dart: Gamut, WhitePoint, and JSON isWithinGamut returns true for sRGB colors
00:01 +92 -2: C:/anti_gravity/color_iq_utils/test/gamut_whitepoint_json_test.dart: Gamut, WhitePoint, and JSON whitePoint returns D65 default
00:01 +93 -2: C:/anti_gravity/color_iq_utils/test/gamut_whitepoint_json_test.dart: Gamut, WhitePoint, and JSON toJson and fromJson for ColorIQ
00:01 +94 -2: C:/anti_gravity/color_iq_utils/test/gamut_whitepoint_json_test.dart: Gamut, WhitePoint, and JSON toJson and fromJson for HsvColor
00:01 +95 -2: C:/anti_gravity/color_iq_utils/test/gamut_whitepoint_json_test.dart: Gamut, WhitePoint, and JSON toJson and fromJson for HslColor
00:01 +96 -2: C:/anti_gravity/color_iq_utils/test/gamut_whitepoint_json_test.dart: Gamut, WhitePoint, and JSON toJson and fromJson for LabColor
00:01 +97 -2: C:/anti_gravity/color_iq_utils/test/gamut_whitepoint_json_test.dart: Gamut, WhitePoint, and JSON toJson and fromJson for XyzColor
00:01 +98 -2: C:/anti_gravity/color_iq_utils/test/gamut_whitepoint_json_test.dart: Gamut, WhitePoint, and JSON toJson and fromJson for CmykColor
00:01 +99 -2: C:/anti_gravity/color_iq_utils/test/gamut_whitepoint_json_test.dart: Gamut, WhitePoint, and JSON toJson and fromJson for LchColor
00:01 +100 -2: C:/anti_gravity/color_iq_utils/test/hct_refactor_test.dart: HctColor Refactor Tests whiten increases tone
00:01 +101 -2: C:/anti_gravity/color_iq_utils/test/hct_refactor_test.dart: HctColor Refactor Tests whiten increases tone
00:01 +102 -2: C:/anti_gravity/color_iq_utils/test/hct_refactor_test.dart: HctColor Refactor Tests whiten increases tone
00:01 +103 -2: C:/anti_gravity/color_iq_utils/test/hct_refactor_test.dart: HctColor Refactor Tests blacken decreases tone
00:01 +104 -2: C:/anti_gravity/color_iq_utils/test/hct_refactor_test.dart: HctColor Refactor Tests lerp interpolates correctly
00:01 +105 -2: C:/anti_gravity/color_iq_utils/test/hct_temperature_test.dart: HCT and Temperature Tests Color to HCT and back
00:01 +106 -2: C:/anti_gravity/color_iq_utils/test/hct_temperature_test.dart: HCT and Temperature Tests Transparency Adjustment
00:01 +107 -2: C:/anti_gravity/color_iq_utils/test/hct_temperature_test.dart: HCT and Temperature Tests Transparency on other models (lossy)
00:01 +108 -2: C:/anti_gravity/color_iq_utils/test/hct_temperature_test.dart: HCT and Temperature Tests Color Temperature
00:01 +109 -2: C:/anti_gravity/color_iq_utils/test/hct_temperature_test.dart: HCT and Temperature Tests HctColor Temperature
00:01 +110 -2: C:/anti_gravity/color_iq_utils/test/hsb_methods_test.dart: HsbColor Methods Tests grayscale converts to grayscale correctly
00:01 +111 -2: C:/anti_gravity/color_iq_utils/test/hsb_methods_test.dart: HsbColor Methods Tests inverted inverts color correctly
00:01 +112 -2: C:/anti_gravity/color_iq_utils/test/hsb_methods_test.dart: HsbColor Methods Tests simulate returns same color for none
00:01 +113 -2: C:/anti_gravity/color_iq_utils/test/hsb_methods_test.dart: HsbColor Methods Tests simulate achromatopsia results in grayscale
00:01 +114 -2: C:/anti_gravity/color_iq_utils/test/hsb_methods_test.dart: HsbColor Methods Tests monochromatic generates 5 colors
00:01 +115 -2: C:/anti_gravity/color_iq_utils/test/hsb_methods_test.dart: HsbColor Methods Tests lighterPalette generates lighter colors
00:01 +116 -2: C:/anti_gravity/color_iq_utils/test/hsb_methods_test.dart: HsbColor Methods Tests darkerPalette generates darker colors
00:01 +117 -2: C:/anti_gravity/color_iq_utils/test/hsb_methods_test.dart: HsbColor Methods Tests random generates valid HsbColor
00:01 +118 -2: C:/anti_gravity/color_iq_utils/test/hsb_methods_test.dart: HsbColor Methods Tests isEqual compares correctly
00:02 +119 -2: C:/anti_gravity/color_iq_utils/test/hsb_refactor_test.dart: HsbColor Refactor Tests whiten increases brightness and desaturates
00:02 +120 -2: C:/anti_gravity/color_iq_utils/test/hsb_refactor_test.dart: HsbColor Refactor Tests blacken decreases brightness and desaturates
00:02 +121 -2: C:/anti_gravity/color_iq_utils/test/hsb_refactor_test.dart: HsbColor Refactor Tests lerp interpolates correctly
00:02 +122 -2: C:/anti_gravity/color_iq_utils/test/hsb_refactor_test.dart: HsbColor Refactor Tests intensify increases saturation
00:02 +123 -2: C:/anti_gravity/color_iq_utils/test/hsb_refactor_test.dart: HsbColor Refactor Tests deintensify decreases saturation
00:02 +124 -2: C:/anti_gravity/color_iq_utils/test/hsluv_refactor_test.dart: HsluvColor Refactor Tests whiten increases lightness and desaturates
Shell: #0   #0      HexUtils.resizeHexString (package:color_iq_utils/src/utils/hex_utils.dart:1003:7)
Shell: #1      StringHelpers.toHexInt (package:color_iq_utils/src/extensions/string_helpers.dart:886:45)
Shell: #2      HsluvColor.toHex (package:color_iq_utils/src/models/hsluv_color.dart:60:48)
Shell: #3      new HsluvColor.alt (package:color_iq_utils/src/models/hsluv_color.dart:41:24)
Shell: #4      main.<anonymous closure>.<anonymous closure> (file:///C:/anti_gravity/color_iq_utils/test/hsluv_refactor_test.dart:7:43)
Shell: #5      Declarer.test.<anonymous closure>.<anonymous closure> (package:test_api/src/backend/declarer.dart:253:25)
Shell: <asynchronous suspension>
Shell: #6      Declarer.test.<anonymous closure> (package:test_api/src/backend/declarer.dart:250:11)
Shell: <asynchronous suspension>
Shell: #7      Invoker._waitForOutstandingCallbacks.<anonymous closure> (package:test_api/src/backend/invoker.dart:318:9)
Shell: <asynchronous suspension>
Shell: 
Shell: StackTraceHelper.convertToString
Shell: -Exception: Resize Hex String 1485-8-Invalid hex length must be 2, 3, 4, 6 or 8, {2, 3, 4, 6, 8}
00:02 +124 -3: C:/anti_gravity/color_iq_utils/test/hsl_refactor_test.dart: HslColor Refactor Tests whiten increases lightness and desaturates
00:02 +124 -3: C:/anti_gravity/color_iq_utils/test/hsluv_refactor_test.dart: HsluvColor Refactor Tests whiten increases lightness and desaturates [E]
  Exception: Failed to parse hex string "#ea0064": #0      HexUtils.resizeHexString (package:color_iq_utils/src/utils/hex_utils.dart:1012:7)
  #1      StringHelpers.toHexInt (package:color_iq_utils/src/extensions/string_helpers.dart:886:45)
  #2      HsluvColor.toHex (package:color_iq_utils/src/models/hsluv_color.dart:60:48)
  #3      new HsluvColor.alt (package:color_iq_utils/src/models/hsluv_color.dart:41:24)
  #4      main.<anonymous closure>.<anonymous closure> (file:///C:/anti_gravity/color_iq_utils/test/hsluv_refactor_test.dart:7:43)
  #5      Declarer.test.<anonymous closure>.<anonymous closure> (package:test_api/src/backend/declarer.dart:253:25)
  <asynchronous suspension>
  #6      Declarer.test.<anonymous closure> (package:test_api/src/backend/declarer.dart:250:11)
  <asynchronous suspension>
  #7      Invoker._waitForOutstandingCallbacks.<anonymous closure> (package:test_api/src/backend/invoker.dart:318:9)
  <asynchronous suspension>
  
  package:color_iq_utils/src/extensions/string_helpers.dart 899:7  StringHelpers.toHexInt
  package:color_iq_utils/src/models/hsluv_color.dart 60:48         HsluvColor.toHex
  package:color_iq_utils/src/models/hsluv_color.dart 41:24         new HsluvColor.alt
  test\hsluv_refactor_test.dart 7:43                               main.<fn>.<fn>
  
Shell: #0   #0      HexUtils.resizeHexString (package:color_iq_utils/src/utils/hex_utils.dart:1003:7)
Shell: #1      StringHelpers.toHexInt (package:color_iq_utils/src/extensions/string_helpers.dart:886:45)
Shell: #2      HsluvColor.toHex (package:color_iq_utils/src/models/hsluv_color.dart:60:48)
Shell: #3      new HsluvColor.alt (package:color_iq_utils/src/models/hsluv_color.dart:41:24)
Shell: #4      main.<anonymous closure>.<anonymous closure> (file:///C:/anti_gravity/color_iq_utils/test/hsluv_refactor_test.dart:15:43)
Shell: #5      Declarer.test.<anonymous closure>.<anonymous closure> (package:test_api/src/backend/declarer.dart:253:25)
Shell: <asynchronous suspension>
Shell: #6      Declarer.test.<anonymous closure> (package:test_api/src/backend/declarer.dart:250:11)
Shell: <asynchronous suspension>
Shell: #7      Invoker._waitForOutstandingCallbacks.<anonymous closure> (package:test_api/src/backend/invoker.dart:318:9)
Shell: <asynchronous suspension>
Shell: 
Shell: StackTraceHelper.convertToString
Shell: -Exception: Resize Hex String 1485-8-Invalid hex length must be 2, 3, 4, 6 or 8, {2, 3, 4, 6, 8}
00:02 +125 -3: C:/anti_gravity/color_iq_utils/test/hsluv_refactor_test.dart: HsluvColor Refactor Tests blacken decreases lightness and desaturates
00:02 +126 -3: C:/anti_gravity/color_iq_utils/test/hsluv_refactor_test.dart: HsluvColor Refactor Tests blacken decreases lightness and desaturates
00:02 +126 -4: C:/anti_gravity/color_iq_utils/test/hsl_refactor_test.dart: HslColor Refactor Tests lerp interpolates correctly
00:02 +126 -4: C:/anti_gravity/color_iq_utils/test/hsluv_refactor_test.dart: HsluvColor Refactor Tests blacken decreases lightness and desaturates [E]
  Exception: Failed to parse hex string "#ea0064": #0      HexUtils.resizeHexString (package:color_iq_utils/src/utils/hex_utils.dart:1012:7)
  #1      StringHelpers.toHexInt (package:color_iq_utils/src/extensions/string_helpers.dart:886:45)
  #2      HsluvColor.toHex (package:color_iq_utils/src/models/hsluv_color.dart:60:48)
  #3      new HsluvColor.alt (package:color_iq_utils/src/models/hsluv_color.dart:41:24)
  #4      main.<anonymous closure>.<anonymous closure> (file:///C:/anti_gravity/color_iq_utils/test/hsluv_refactor_test.dart:15:43)
  #5      Declarer.test.<anonymous closure>.<anonymous closure> (package:test_api/src/backend/declarer.dart:253:25)
  <asynchronous suspension>
  #6      Declarer.test.<anonymous closure> (package:test_api/src/backend/declarer.dart:250:11)
  <asynchronous suspension>
  #7      Invoker._waitForOutstandingCallbacks.<anonymous closure> (package:test_api/src/backend/invoker.dart:318:9)
  <asynchronous suspension>
  
  package:color_iq_utils/src/extensions/string_helpers.dart 899:7  StringHelpers.toHexInt
  package:color_iq_utils/src/models/hsluv_color.dart 60:48         HsluvColor.toHex
  package:color_iq_utils/src/models/hsluv_color.dart 41:24         new HsluvColor.alt
  test\hsluv_refactor_test.dart 15:43                              main.<fn>.<fn>
  
00:02 +127 -4: C:/anti_gravity/color_iq_utils/test/hsluv_refactor_test.dart: HsluvColor Refactor Tests lerp interpolates correctly
Shell: #0   #0      HexUtils.resizeHexString (package:color_iq_utils/src/utils/hex_utils.dart:1003:7)
Shell: #1      StringHelpers.toHexInt (package:color_iq_utils/src/extensions/string_helpers.dart:886:45)
Shell: #2      HsluvColor.toHex (package:color_iq_utils/src/models/hsluv_color.dart:60:48)
Shell: #3      new HsluvColor.alt (package:color_iq_utils/src/models/hsluv_color.dart:41:24)
Shell: #4      main.<anonymous closure>.<anonymous closure> (file:///C:/anti_gravity/color_iq_utils/test/hsluv_refactor_test.dart:23:43)
Shell: #5      Declarer.test.<anonymous closure>.<anonymous closure> (package:test_api/src/backend/declarer.dart:253:25)
Shell: <asynchronous suspension>
Shell: #6      Declarer.test.<anonymous closure> (package:test_api/src/backend/declarer.dart:250:11)
Shell: <asynchronous suspension>
Shell: #7      Invoker._waitForOutstandingCallbacks.<anonymous closure> (package:test_api/src/backend/invoker.dart:318:9)
Shell: <asynchronous suspension>
Shell: 
Shell: StackTraceHelper.convertToString
Shell: -Exception: Resize Hex String 1485-8-Invalid hex length must be 2, 3, 4, 6 or 8, {2, 3, 4, 6, 8}
00:02 +128 -4: C:/anti_gravity/color_iq_utils/test/hsluv_refactor_test.dart: HsluvColor Refactor Tests lerp interpolates correctly
00:02 +129 -4: C:/anti_gravity/color_iq_utils/test/hsluv_refactor_test.dart: HsluvColor Refactor Tests lerp interpolates correctly
00:02 +129 -5: C:/anti_gravity/color_iq_utils/test/hsluv_refactor_test.dart: HsluvColor Refactor Tests lerp interpolates correctly [E]
  Exception: Failed to parse hex string "#ea0064": #0      HexUtils.resizeHexString (package:color_iq_utils/src/utils/hex_utils.dart:1012:7)
  #1      StringHelpers.toHexInt (package:color_iq_utils/src/extensions/string_helpers.dart:886:45)
  #2      HsluvColor.toHex (package:color_iq_utils/src/models/hsluv_color.dart:60:48)
  #3      new HsluvColor.alt (package:color_iq_utils/src/models/hsluv_color.dart:41:24)
  #4      main.<anonymous closure>.<anonymous closure> (file:///C:/anti_gravity/color_iq_utils/test/hsluv_refactor_test.dart:23:43)
  #5      Declarer.test.<anonymous closure>.<anonymous closure> (package:test_api/src/backend/declarer.dart:253:25)
  <asynchronous suspension>
  #6      Declarer.test.<anonymous closure> (package:test_api/src/backend/declarer.dart:250:11)
  <asynchronous suspension>
  #7      Invoker._waitForOutstandingCallbacks.<anonymous closure> (package:test_api/src/backend/invoker.dart:318:9)
  <asynchronous suspension>
  
  package:color_iq_utils/src/extensions/string_helpers.dart 899:7  StringHelpers.toHexInt
  package:color_iq_utils/src/models/hsluv_color.dart 60:48         HsluvColor.toHex
  package:color_iq_utils/src/models/hsluv_color.dart 41:24         new HsluvColor.alt
  test\hsluv_refactor_test.dart 23:43                              main.<fn>.<fn>
  
00:02 +129 -5: C:/anti_gravity/color_iq_utils/test/hsluv_refactor_test.dart: HsluvColor Refactor Tests grayscale sets saturation to 0
Shell: #0   #0      HexUtils.resizeHexString (package:color_iq_utils/src/utils/hex_utils.dart:1003:7)
Shell: #1      StringHelpers.toHexInt (package:color_iq_utils/src/extensions/string_helpers.dart:886:45)
Shell: #2      HsluvColor.toHex (package:color_iq_utils/src/models/hsluv_color.dart:60:48)
Shell: #3      new HsluvColor.alt (package:color_iq_utils/src/models/hsluv_color.dart:41:24)
Shell: #4      main.<anonymous closure>.<anonymous closure> (file:///C:/anti_gravity/color_iq_utils/test/hsluv_refactor_test.dart:33:43)
Shell: #5      Declarer.test.<anonymous closure>.<anonymous closure> (package:test_api/src/backend/declarer.dart:253:25)
Shell: <asynchronous suspension>
Shell: #6      Declarer.test.<anonymous closure> (package:test_api/src/backend/declarer.dart:250:11)
Shell: <asynchronous suspension>
Shell: #7      Invoker._waitForOutstandingCallbacks.<anonymous closure> (package:test_api/src/backend/invoker.dart:318:9)
Shell: <asynchronous suspension>
Shell: 
Shell: StackTraceHelper.convertToString
Shell: -Exception: Resize Hex String 1485-8-Invalid hex length must be 2, 3, 4, 6 or 8, {2, 3, 4, 6, 8}
00:02 +129 -6: C:/anti_gravity/color_iq_utils/test/hsluv_refactor_test.dart: HsluvColor Refactor Tests grayscale sets saturation to 0 [E]
  Exception: Failed to parse hex string "#ea0064": #0      HexUtils.resizeHexString (package:color_iq_utils/src/utils/hex_utils.dart:1012:7)
  #1      StringHelpers.toHexInt (package:color_iq_utils/src/extensions/string_helpers.dart:886:45)
  #2      HsluvColor.toHex (package:color_iq_utils/src/models/hsluv_color.dart:60:48)
  #3      new HsluvColor.alt (package:color_iq_utils/src/models/hsluv_color.dart:41:24)
  #4      main.<anonymous closure>.<anonymous closure> (file:///C:/anti_gravity/color_iq_utils/test/hsluv_refactor_test.dart:33:43)
  #5      Declarer.test.<anonymous closure>.<anonymous closure> (package:test_api/src/backend/declarer.dart:253:25)
  <asynchronous suspension>
  #6      Declarer.test.<anonymous closure> (package:test_api/src/backend/declarer.dart:250:11)
  <asynchronous suspension>
  #7      Invoker._waitForOutstandingCallbacks.<anonymous closure> (package:test_api/src/backend/invoker.dart:318:9)
  <asynchronous suspension>
  
  package:color_iq_utils/src/extensions/string_helpers.dart 899:7  StringHelpers.toHexInt
  package:color_iq_utils/src/models/hsluv_color.dart 60:48         HsluvColor.toHex
  package:color_iq_utils/src/models/hsluv_color.dart 41:24         new HsluvColor.alt
  test\hsluv_refactor_test.dart 33:43                              main.<fn>.<fn>
  
00:02 +129 -6: C:/anti_gravity/color_iq_utils/test/hsp_refactor_test.dart: HspColor Refactor Tests whiten increases brightness and desaturates
00:02 +130 -6: C:/anti_gravity/color_iq_utils/test/hsp_refactor_test.dart: HspColor Refactor Tests blacken decreases brightness and desaturates
00:02 +131 -6: C:/anti_gravity/color_iq_utils/test/hsp_refactor_test.dart: HspColor Refactor Tests lerp interpolates correctly
00:02 +132 -6: C:/anti_gravity/color_iq_utils/test/hsp_refactor_test.dart: HspColor Refactor Tests intensify increases saturation
00:02 +133 -6: C:/anti_gravity/color_iq_utils/test/hsp_refactor_test.dart: HspColor Refactor Tests deintensify decreases saturation
00:02 +134 -6: C:/anti_gravity/color_iq_utils/test/hsv_refactor_test.dart: HsvColor Refactor Tests whiten increases value and desaturates
00:02 +135 -6: C:/anti_gravity/color_iq_utils/test/hsv_refactor_test.dart: HsvColor Refactor Tests blacken decreases value and desaturates
00:02 +136 -6: C:/anti_gravity/color_iq_utils/test/hsv_refactor_test.dart: HsvColor Refactor Tests lerp interpolates correctly
00:02 +137 -6: C:/anti_gravity/color_iq_utils/test/hsv_refactor_test.dart: HsvColor Refactor Tests intensify increases saturation
00:02 +138 -6: C:/anti_gravity/color_iq_utils/test/hsv_refactor_test.dart: HsvColor Refactor Tests deintensify decreases saturation
00:02 +139 -6: C:/anti_gravity/color_iq_utils/test/hsv_refactor_test.dart: HsvColor Refactor Tests blend interpolates correctly
00:02 +140 -6: C:/anti_gravity/color_iq_utils/test/hsv_refactor_test.dart: HsvColor Refactor Tests opaquer increases alpha
00:02 +141 -6: C:/anti_gravity/color_iq_utils/test/hsv_refactor_test.dart: HsvColor Refactor Tests adjustHue rotates hue
00:02 +142 -6: C:/anti_gravity/color_iq_utils/test/hunter_lab_refactor_test.dart: HunterLabColor Refactor Tests whiten increases lightness
00:02 +143 -6: C:/anti_gravity/color_iq_utils/test/hunter_lab_refactor_test.dart: HunterLabColor Refactor Tests whiten increases lightness
00:02 +144 -6: C:/anti_gravity/color_iq_utils/test/hunter_lab_refactor_test.dart: HunterLabColor Refactor Tests blacken decreases lightness
00:02 +145 -6: C:/anti_gravity/color_iq_utils/test/hunter_lab_refactor_test.dart: HunterLabColor Refactor Tests lerp interpolates correctly
00:02 +146 -6: C:/anti_gravity/color_iq_utils/test/hunter_lab_refactor_test.dart: HunterLabColor Refactor Tests saturate increases chrominance
00:02 +147 -6: C:/anti_gravity/color_iq_utils/test/hunter_lab_refactor_test.dart: HunterLabColor Refactor Tests desaturate decreases chrominance
00:02 +148 -6: C:/anti_gravity/color_iq_utils/test/hwb_refactor_test.dart: HwbColor Refactor Tests whiten increases whiteness
00:02 +149 -6: C:/anti_gravity/color_iq_utils/test/hwb_refactor_test.dart: HwbColor Refactor Tests blacken increases blackness
00:02 +150 -6: C:/anti_gravity/color_iq_utils/test/hwb_refactor_test.dart: HwbColor Refactor Tests lerp interpolates correctly
00:02 +151 -6: C:/anti_gravity/color_iq_utils/test/hwb_refactor_test.dart: HwbColor Refactor Tests saturate decreases w and b
00:02 +152 -6: C:/anti_gravity/color_iq_utils/test/hwb_refactor_test.dart: HwbColor Refactor Tests desaturate increases w and b
00:02 +153 -6: C:/anti_gravity/color_iq_utils/test/hwb_refactor_v2_test.dart: HwbColor Refactor V2 Tests intensify decreases whiteness and blackness
00:02 +154 -6: C:/anti_gravity/color_iq_utils/test/hwb_refactor_v2_test.dart: HwbColor Refactor V2 Tests deintensify increases whiteness and blackness
00:02 +155 -6: C:/anti_gravity/color_iq_utils/test/hwb_refactor_v2_test.dart: HwbColor Refactor V2 Tests accented delegates to intensify
00:02 +156 -6: C:/anti_gravity/color_iq_utils/test/hwb_refactor_v3_test.dart: HwbColor Refactor V3 Tests monochromatic returns correct list
00:02 +157 -6: C:/anti_gravity/color_iq_utils/test/hwb_refactor_v3_test.dart: HwbColor Refactor V3 Tests lighterPalette returns whiter colors
00:02 +158 -6: C:/anti_gravity/color_iq_utils/test/hwb_refactor_v3_test.dart: HwbColor Refactor V3 Tests darkerPalette returns blacker colors
00:02 +159 -6: C:/anti_gravity/color_iq_utils/test/hwb_refactor_v3_test.dart: HwbColor Refactor V3 Tests random returns valid HwbColor
00:02 +160 -6: C:/anti_gravity/color_iq_utils/test/intensify_deintensify_test.dart: Intensify and Deintensify Tests HctColor intensify increases chroma and decreases tone
00:02 +161 -6: C:/anti_gravity/color_iq_utils/test/intensify_deintensify_test.dart: Intensify and Deintensify Tests HctColor deintensify decreases chroma and increases tone
00:02 +162 -6: C:/anti_gravity/color_iq_utils/test/intensify_deintensify_test.dart: Intensify and Deintensify Tests ColorIQ intensify delegates to HctColor
00:02 +163 -6: C:/anti_gravity/color_iq_utils/test/intensify_deintensify_test.dart: Intensify and Deintensify Tests ColorIQ deintensify delegates to HctColor
00:02 +164 -6: C:/anti_gravity/color_iq_utils/test/intensify_deintensify_test.dart: Intensify and Deintensify Tests LabColor intensify delegates correctly
00:02 +165 -6: C:/anti_gravity/color_iq_utils/test/intensify_deintensify_test.dart: Intensify and Deintensify Tests HslColor intensify delegates correctly
00:02 +166 -6: C:/anti_gravity/color_iq_utils/test/intensify_deintensify_test.dart: Intensify and Deintensify Tests Intensify clamps values correctly
00:02 +167 -6: C:/anti_gravity/color_iq_utils/test/intensify_deintensify_test.dart: Intensify and Deintensify Tests Intensify clamps values correctly
00:02 +168 -6: C:/anti_gravity/color_iq_utils/test/intensify_deintensify_test.dart: Intensify and Deintensify Tests Intensify clamps values correctly
00:02 +169 -6: C:/anti_gravity/color_iq_utils/test/intensify_deintensify_test.dart: Intensify and Deintensify Tests Intensify clamps values correctly
00:02 +169 -7: C:/anti_gravity/color_iq_utils/test/intensify_deintensify_test.dart: Intensify and Deintensify Tests Intensify clamps values correctly [E]
  RangeError: Range Error: Value must be between 0.0 and 100.0 -- HctColor.alt
  package:color_iq_utils/src/extensions/double_helpers.dart 50:7  DoubleHelpersIQ.assertRangeChroma
  package:color_iq_utils/src/models/hct_color.dart 74:29          new HctColor.alt
  test\intensify_deintensify_test.dart 76:37                      main.<fn>.<fn>
  
00:02 +169 -7: C:/anti_gravity/color_iq_utils/test/intensify_deintensify_test.dart: Intensify and Deintensify Tests Deintensify clamps values correctly
00:02 +170 -7: C:/anti_gravity/color_iq_utils/test/lch_refactor_test.dart: LchColor Refactor Tests whiten increases lightness and desaturates
00:02 +171 -7: C:/anti_gravity/color_iq_utils/test/lch_refactor_test.dart: LchColor Refactor Tests blacken decreases lightness and desaturates
00:02 +172 -7: C:/anti_gravity/color_iq_utils/test/lch_refactor_test.dart: LchColor Refactor Tests lerp interpolates correctly
00:02 +173 -7: C:/anti_gravity/color_iq_utils/test/lch_refactor_test.dart: LchColor Refactor Tests lerp handles hue wrapping
00:02 +174 -7: C:/anti_gravity/color_iq_utils/test/lch_refactor_test.dart: LchColor Refactor Tests lerp handles achromatic colors
00:03 +175 -7: C:/anti_gravity/color_iq_utils/test/lighten_test.dart: Lighten Tests HslColor lighten increases lightness
00:03 +176 -7: C:/anti_gravity/color_iq_utils/test/lighten_test.dart: Lighten Tests HslColor lighten clamps to 1.0
00:03 +177 -7: C:/anti_gravity/color_iq_utils/test/lighten_test.dart: Lighten Tests ColorIQ lighten works via HSL conversion
00:03 +178 -7: C:/anti_gravity/color_iq_utils/test/lighten_test.dart: Lighten Tests LabColor lighten increases L
00:03 +179 -7: C:/anti_gravity/color_iq_utils/test/lighter_darker_palette_test.dart: Lighter and Darker Palette Tests HslColor Lighter Palette (Default Steps)
00:03 +180 -7: C:/anti_gravity/color_iq_utils/test/lighter_darker_palette_test.dart: Lighter and Darker Palette Tests HslColor Darker Palette (Default Steps)
00:03 +181 -7: C:/anti_gravity/color_iq_utils/test/lighter_darker_palette_test.dart: Lighter and Darker Palette Tests ColorIQ Lighter Palette (Custom Step)
00:03 +182 -7: C:/anti_gravity/color_iq_utils/test/lighter_darker_palette_test.dart: Lighter and Darker Palette Tests CmykColor Darker Palette (Delegated)
00:03 +183 -7: C:/anti_gravity/color_iq_utils/test/lighter_darker_palette_test.dart: Lighter and Darker Palette Tests CmykColor Darker Palette (Delegated)
00:03 +184 -7: C:/anti_gravity/color_iq_utils/test/lighter_darker_palette_test.dart: Lighter and Darker Palette Tests CmykColor Darker Palette (Delegated)
00:03 +185 -7: C:/anti_gravity/color_iq_utils/test/lighter_darker_palette_test.dart: Lighter and Darker Palette Tests CmykColor Darker Palette (Delegated)
00:03 +185 -8: C:/anti_gravity/color_iq_utils/test/lighter_darker_palette_test.dart: Lighter and Darker Palette Tests CmykColor Darker Palette (Delegated) [E]
  Expected: a numeric value within <0.05> of <0.16>
    Actual: <0.1>
     Which:  differs by <0.06>
  
  package:matcher                             expect
  test\lighter_darker_palette_test.dart 76:7  main.<fn>.<fn>
  
00:03 +185 -8: C:/anti_gravity/color_iq_utils/test/munsell_refactor_test.dart: MunsellColor Refactor Tests whiten increases value
00:03 +186 -8: C:/anti_gravity/color_iq_utils/test/munsell_refactor_test.dart: MunsellColor Refactor Tests blacken decreases value
00:03 +187 -8: C:/anti_gravity/color_iq_utils/test/munsell_refactor_test.dart: MunsellColor Refactor Tests lerp interpolates correctly
00:03 +188 -8: C:/anti_gravity/color_iq_utils/test/munsell_refactor_test.dart: MunsellColor Refactor Tests intensify increases chroma
00:03 +189 -8: C:/anti_gravity/color_iq_utils/test/munsell_refactor_test.dart: MunsellColor Refactor Tests deintensify decreases chroma
00:03 +190 -8: C:/anti_gravity/color_iq_utils/test/new_mandatory_methods_test.dart: New Mandatory Methods Tests Random Color Generation
Γ£ô Random Color Generation test completed
  Original ColorIQ: 0xFF000000
  Random ColorIQ: 0xFF70815D
  Random HslColor: H=323.1, S=0.73, L=0.53
00:03 +191 -8: C:/anti_gravity/color_iq_utils/test/new_mandatory_methods_test.dart: New Mandatory Methods Tests isEqual
Γ£ô isEqual test completed
  c1 == c2: true
  c1 == c3: false
  c1 == hsl1 (cross-type): true
00:03 +192 -8: C:/anti_gravity/color_iq_utils/test/new_mandatory_methods_test.dart: New Mandatory Methods Tests Luminance
Γ£ô Luminance test completed
  White luminance: 1.0000
  Black luminance: 0.0000
  Red luminance: 0.2126
  HSL White luminance: 1.0
00:03 +193 -8: C:/anti_gravity/color_iq_utils/test/new_mandatory_methods_test.dart: New Mandatory Methods Tests Brightness
Γ£ô Brightness test completed
  White brightness: Brightness.light (lum: 1.0000)
  Black brightness: Brightness.dark (lum: 0.0000)
  Dark grey brightness: Brightness.dark (lum: 0.0319)
  Light grey brightness: Brightness.light (lum: 0.5776)
00:03 +194 -8: C:/anti_gravity/color_iq_utils/test/ok_hsl_refactor_test.dart: OkHslColor Refactor Tests whiten increases lightness and desaturates
00:03 +195 -8: C:/anti_gravity/color_iq_utils/test/ok_hsl_refactor_test.dart: OkHslColor Refactor Tests blacken decreases lightness and desaturates
00:03 +196 -8: C:/anti_gravity/color_iq_utils/test/ok_hsl_refactor_test.dart: OkHslColor Refactor Tests lerp interpolates correctly
00:03 +197 -8: C:/anti_gravity/color_iq_utils/test/ok_hsl_refactor_test.dart: OkHslColor Refactor Tests lerp handles hue wrapping
00:03 +198 -8: C:/anti_gravity/color_iq_utils/test/ok_hsl_refactor_v2_test.dart: OkHslColor Refactor V2 Tests intensify increases saturation
00:03 +199 -8: C:/anti_gravity/color_iq_utils/test/ok_hsl_refactor_v2_test.dart: OkHslColor Refactor V2 Tests deintensify decreases saturation
00:03 +200 -8: C:/anti_gravity/color_iq_utils/test/ok_hsl_refactor_v2_test.dart: OkHslColor Refactor V2 Tests accented increases saturation
00:03 +201 -8: C:/anti_gravity/color_iq_utils/test/ok_hsv_refactor_test.dart: OkHsvColor Refactor Tests adjustTransparency decreases alpha
00:03 +202 -8: C:/anti_gravity/color_iq_utils/test/ok_hsv_refactor_test.dart: OkHsvColor Refactor Tests transparency returns alpha
00:03 +203 -8: C:/anti_gravity/color_iq_utils/test/ok_hsv_refactor_test.dart: OkHsvColor Refactor Tests temperature returns correct value
00:03 +204 -8: C:/anti_gravity/color_iq_utils/test/ok_hsv_refactor_test.dart: OkHsvColor Refactor Tests whiten increases value
00:03 +205 -8: C:/anti_gravity/color_iq_utils/test/ok_hsv_refactor_test.dart: OkHsvColor Refactor Tests blacken decreases value
00:03 +206 -8: C:/anti_gravity/color_iq_utils/test/ok_hsv_refactor_test.dart: OkHsvColor Refactor Tests lerp interpolates correctly
00:03 +207 -8: C:/anti_gravity/color_iq_utils/test/ok_hsv_refactor_test.dart: OkHsvColor Refactor Tests intensify increases saturation
00:03 +208 -8: C:/anti_gravity/color_iq_utils/test/ok_hsv_refactor_test.dart: OkHsvColor Refactor Tests deintensify decreases saturation
00:03 +209 -8: C:/anti_gravity/color_iq_utils/test/ok_hsv_test.dart: OkHsvColor Tests intensify increases saturation and decreases value
00:03 +210 -8: C:/anti_gravity/color_iq_utils/test/ok_hsv_test.dart: OkHsvColor Tests deintensify decreases saturation and increases value
00:03 +211 -8: C:/anti_gravity/color_iq_utils/test/ok_hsv_test.dart: OkHsvColor Tests accented increases saturation and increases value
00:03 +212 -8: C:/anti_gravity/color_iq_utils/test/ok_hsv_test.dart: OkHsvColor Tests whiten moves towards white
00:03 +213 -8: C:/anti_gravity/color_iq_utils/test/ok_hsv_test.dart: OkHsvColor Tests blacken moves towards black
00:03 +214 -8: C:/anti_gravity/color_iq_utils/test/ok_hsv_test.dart: OkHsvColor Tests lerp interpolates correctly
00:03 +215 -8: C:/anti_gravity/color_iq_utils/test/ok_hsv_test.dart: OkHsvColor Tests monochromatic generates 5 colors
00:03 +216 -8: C:/anti_gravity/color_iq_utils/test/ok_hsv_test.dart: OkHsvColor Tests lighterPalette generates lighter colors
00:03 +217 -8: C:/anti_gravity/color_iq_utils/test/ok_lab_refactor_test.dart: OkLabColor Refactor Tests whiten increases lightness
00:03 +218 -8: C:/anti_gravity/color_iq_utils/test/ok_lab_refactor_test.dart: OkLabColor Refactor Tests whiten increases lightness
00:03 +219 -8: C:/anti_gravity/color_iq_utils/test/ok_lab_refactor_test.dart: OkLabColor Refactor Tests whiten increases lightness
00:03 +220 -8: C:/anti_gravity/color_iq_utils/test/ok_lab_refactor_test.dart: OkLabColor Refactor Tests blacken decreases lightness
00:03 +221 -8: C:/anti_gravity/color_iq_utils/test/ok_lab_refactor_test.dart: OkLabColor Refactor Tests lerp interpolates correctly
00:03 +222 -8: C:/anti_gravity/color_iq_utils/test/ok_lch_refactor_test.dart: OkLchColor Refactor Tests whiten increases lightness
00:03 +223 -8: C:/anti_gravity/color_iq_utils/test/ok_lch_refactor_test.dart: OkLchColor Refactor Tests blacken decreases lightness
00:03 +224 -8: C:/anti_gravity/color_iq_utils/test/ok_lch_refactor_test.dart: OkLchColor Refactor Tests lerp interpolates correctly
00:03 +225 -8: C:/anti_gravity/color_iq_utils/test/ok_lch_refactor_test.dart: OkLchColor Refactor Tests lerp handles hue wrapping
00:03 +226 -8: C:/anti_gravity/color_iq_utils/test/ok_lch_refactor_test.dart: OkLchColor Refactor Tests adjustHue works
00:03 +227 -8: C:/anti_gravity/color_iq_utils/test/ok_lch_refactor_test.dart: OkLchColor Refactor Tests complementary works
00:03 +228 -8: C:/anti_gravity/color_iq_utils/test/ok_lch_refactor_test.dart: OkLchColor Refactor Tests warmer shifts hue towards 30
00:03 +229 -8: C:/anti_gravity/color_iq_utils/test/ok_lch_refactor_test.dart: OkLchColor Refactor Tests cooler shifts hue towards 210
00:03 +230 -8: C:/anti_gravity/color_iq_utils/test/ok_lch_test.dart: OkLchColor Tests grayscale sets chroma to 0
00:03 +231 -8: C:/anti_gravity/color_iq_utils/test/ok_lch_test.dart: OkLchColor Tests whiten moves towards white
00:03 +232 -8: C:/anti_gravity/color_iq_utils/test/ok_lch_test.dart: OkLchColor Tests blacken moves towards black
00:03 +233 -8: C:/anti_gravity/color_iq_utils/test/ok_lch_test.dart: OkLchColor Tests lerp interpolates correctly
00:04 +233 -9: C:/anti_gravity/color_iq_utils/test/palettes_test.dart: Palette Methods Tests generateBasicPalette returns 7 colors
00:04 +233 -9: C:/anti_gravity/color_iq_utils/test/ok_lch_test.dart: OkLchColor Tests lerp interpolates correctly [E]
  Expected: a numeric value within <0.001> of <50.0>
    Actual: <100.0>
     Which:  differs by <50.0>
  
  package:matcher             expect
  test\ok_lch_test.dart 35:7  main.<fn>.<fn>
  
00:04 +234 -9: C:/anti_gravity/color_iq_utils/test/palettes_test.dart: Palette Methods Tests tonesPalette returns 5 colors
00:04 +235 -9: C:/anti_gravity/color_iq_utils/test/palettes_test.dart: Palette Methods Tests analogous returns correct count and offset
00:04 +236 -9: C:/anti_gravity/color_iq_utils/test/palettes_test.dart: Palette Methods Tests Delegation works for other models
00:04 +237 -9: C:/anti_gravity/color_iq_utils/test/phase2_test.dart: Phase 2 Color Space Tests ColorIQ implements ColorSpacesIQ
00:04 +238 -9: C:/anti_gravity/color_iq_utils/test/phase2_test.dart: Phase 2 Color Space Tests ColorIQ implements ColorSpacesIQ
00:04 +239 -9: C:/anti_gravity/color_iq_utils/test/phase2_test.dart: Phase 2 Color Space Tests ColorIQ implements ColorSpacesIQ
00:04 +240 -9: C:/anti_gravity/color_iq_utils/test/phase2_test.dart: Phase 2 Color Space Tests RGB to HSL conversion (Red)
00:04 +241 -9: C:/anti_gravity/color_iq_utils/test/phase2_test.dart: Phase 2 Color Space Tests RGB to HSV conversion (Green)
00:04 +242 -9: C:/anti_gravity/color_iq_utils/test/phase2_test.dart: Phase 2 Color Space Tests RGB to HSB conversion (Blue)
00:04 +243 -9: C:/anti_gravity/color_iq_utils/test/phase2_test.dart: Phase 2 Color Space Tests RGB to HWB conversion (Red)
00:04 +244 -9: C:/anti_gravity/color_iq_utils/test/phase2_test.dart: Phase 2 Color Space Tests RGB to Hct conversion (Red)
00:04 +245 -9: C:/anti_gravity/color_iq_utils/test/phase2_test.dart: Phase 2 Color Space Tests RGB to Cam16 conversion (Red)
00:04 +246 -9: C:/anti_gravity/color_iq_utils/test/phase2_test.dart: Phase 2 Color Space Tests RGB to Display P3 conversion (Red)
00:04 +247 -9: C:/anti_gravity/color_iq_utils/test/phase2_test.dart: Phase 2 Color Space Tests RGB to Rec. 2020 conversion (Red)
00:04 +248 -9: C:/anti_gravity/color_iq_utils/test/rec2020_refactor_test.dart: Rec2020Color Refactor Tests whiten increases RGB values
00:04 +249 -9: C:/anti_gravity/color_iq_utils/test/rec2020_refactor_test.dart: Rec2020Color Refactor Tests blacken decreases RGB values
00:04 +250 -9: C:/anti_gravity/color_iq_utils/test/rec2020_refactor_test.dart: Rec2020Color Refactor Tests lerp interpolates correctly
00:04 +251 -9: C:/anti_gravity/color_iq_utils/test/rec2020_refactor_test.dart: Rec2020Color Refactor Tests lighterPalette generates lighter colors
00:04 +252 -9: C:/anti_gravity/color_iq_utils/test/rec2020_refactor_test.dart: Rec2020Color Refactor Tests darkerPalette generates darker colors
00:04 +253 -9: C:/anti_gravity/color_iq_utils/test/saturate_desaturate_test.dart: Saturate/Desaturate Tests HslColor saturate/desaturate
00:04 +254 -9: C:/anti_gravity/color_iq_utils/test/saturate_desaturate_test.dart: Saturate/Desaturate Tests HsvColor saturate/desaturate
00:04 +255 -9: C:/anti_gravity/color_iq_utils/test/saturate_desaturate_test.dart: Saturate/Desaturate Tests LchColor saturate/desaturate
00:04 +256 -9: C:/anti_gravity/color_iq_utils/test/saturate_desaturate_test.dart: Saturate/Desaturate Tests OkLchColor saturate/desaturate
00:04 +257 -9: C:/anti_gravity/color_iq_utils/test/saturate_desaturate_test.dart: Saturate/Desaturate Tests ColorIQ saturate/desaturate (via HSL)
00:04 +258 -9: C:/anti_gravity/color_iq_utils/test/saturate_desaturate_test.dart: Saturate/Desaturate Tests LabColor saturate/desaturate (via Lch)
00:04 +259 -9: C:/anti_gravity/color_iq_utils/test/saturate_desaturate_test.dart: Saturate/Desaturate Tests HsluvColor saturate/desaturate
Shell: #0   #0      HexUtils.resizeHexString (package:color_iq_utils/src/utils/hex_utils.dart:1003:7)
Shell: #1      StringHelpers.toHexInt (package:color_iq_utils/src/extensions/string_helpers.dart:886:45)
Shell: #2      HsluvColor.toHex (package:color_iq_utils/src/models/hsluv_color.dart:60:48)
Shell: #3      new HsluvColor.alt (package:color_iq_utils/src/models/hsluv_color.dart:41:24)
Shell: #4      main.<anonymous closure>.<anonymous closure> (file:///C:/anti_gravity/color_iq_utils/test/saturate_desaturate_test.dart:63:43)
Shell: #5      Declarer.test.<anonymous closure>.<anonymous closure> (package:test_api/src/backend/declarer.dart:253:25)
Shell: <asynchronous suspension>
Shell: #6      Declarer.test.<anonymous closure> (package:test_api/src/backend/declarer.dart:250:11)
Shell: <asynchronous suspension>
Shell: #7      Invoker._waitForOutstandingCallbacks.<anonymous closure> (package:test_api/src/backend/invoker.dart:318:9)
Shell: <asynchronous suspension>
Shell: 
Shell: StackTraceHelper.convertToString
Shell: -Exception: Resize Hex String 1485-8-Invalid hex length must be 2, 3, 4, 6 or 8, {2, 3, 4, 6, 8}
00:04 +259 -9: C:/anti_gravity/color_iq_utils/test/srgb_test.dart: sRGB and Linear sRGB Tests ColorIQ srgb getter
Γ£ô ColorIQ srgb getter test completed
  sRGB values: [255, 100, 150, 200]
00:04 +260 -9: C:/anti_gravity/color_iq_utils/test/saturate_desaturate_test.dart: Saturate/Desaturate Tests HsluvColor saturate/desaturate
00:04 +260 -9: C:/anti_gravity/color_iq_utils/test/srgb_test.dart: sRGB and Linear sRGB Tests ColorIQ linearSrgb getter (Red)
Γ£ô ColorIQ linearSrgb getter (Red) test completed
  Linear sRGB values: 1.0
00:04 +261 -9: C:/anti_gravity/color_iq_utils/test/saturate_desaturate_test.dart: Saturate/Desaturate Tests HsluvColor saturate/desaturate
00:04 +261 -9: C:/anti_gravity/color_iq_utils/test/srgb_test.dart: sRGB and Linear sRGB Tests ColorIQ linearSrgb getter (Mid Gray)
Γ£ô ColorIQ linearSrgb getter (Mid Gray) test completed
  Linear sRGB values: [0.21586, 0.21586, 0.21586, 1.0]
00:04 +262 -9: C:/anti_gravity/color_iq_utils/test/saturate_desaturate_test.dart: Saturate/Desaturate Tests HsluvColor saturate/desaturate
00:04 +262 -9: C:/anti_gravity/color_iq_utils/test/srgb_test.dart: sRGB and Linear sRGB Tests ColorIQ linearSrgb getter (Dark Gray - Linear Segment)
Γ£ô ColorIQ linearSrgb getter (Dark Gray - Linear Segment) test completed
  Linear sRGB values: [0.003035, 0.003035, 0.003035, 1.0]
00:04 +263 -9: C:/anti_gravity/color_iq_utils/test/saturate_desaturate_test.dart: Saturate/Desaturate Tests HsluvColor saturate/desaturate
00:04 +263 -9: C:/anti_gravity/color_iq_utils/test/srgb_test.dart: sRGB and Linear sRGB Tests Other models delegation (HslColor)
Γ£ô Other models delegation (HslColor) test completed
  HslColor(0.0, 1.0, 0.5)
  sRGB: [255, 255, 0, 0]
  Linear sRGB: [1.0, 0.0, 0.0, 1.0]
00:04 +264 -9: C:/anti_gravity/color_iq_utils/test/saturate_desaturate_test.dart: Saturate/Desaturate Tests HsluvColor saturate/desaturate
00:04 +264 -9: C:/anti_gravity/color_iq_utils/test/srgb_test.dart: sRGB and Linear sRGB Tests Other models delegation (LabColor)
Γ£ô Other models delegation (LabColor) test completed
00:04 +264 -10: C:/anti_gravity/color_iq_utils/test/srgb_test.dart: sRGB and Linear sRGB Tests Other models delegation (LabColor)
  LabColor(53.24, 80.09, 67.2)
  sRGB: [255, 255, 0, 0]
00:04 +265 -10: C:/anti_gravity/color_iq_utils/test/utility_methods_test.dart: Utility Methods Tests ColorIQ inverted
00:04 +265 -10: C:/anti_gravity/color_iq_utils/test/saturate_desaturate_test.dart: Saturate/Desaturate Tests HsluvColor saturate/desaturate [E]
  Exception: Failed to parse hex string "#bc566e": #0      HexUtils.resizeHexString (package:color_iq_utils/src/utils/hex_utils.dart:1012:7)
  #1      StringHelpers.toHexInt (package:color_iq_utils/src/extensions/string_helpers.dart:886:45)
  #2      HsluvColor.toHex (package:color_iq_utils/src/models/hsluv_color.dart:60:48)
  #3      new HsluvColor.alt (package:color_iq_utils/src/models/hsluv_color.dart:41:24)
  #4      main.<anonymous closure>.<anonymous closure> (file:///C:/anti_gravity/color_iq_utils/test/saturate_desaturate_test.dart:63:43)
  #5      Declarer.test.<anonymous closure>.<anonymous closure> (package:test_api/src/backend/declarer.dart:253:25)
  <asynchronous suspension>
  #6      Declarer.test.<anonymous closure> (package:test_api/src/backend/declarer.dart:250:11)
  <asynchronous suspension>
  #7      Invoker._waitForOutstandingCallbacks.<anonymous closure> (package:test_api/src/backend/invoker.dart:318:9)
  <asynchronous suspension>
  
  package:color_iq_utils/src/extensions/string_helpers.dart 899:7  StringHelpers.toHexInt
  package:color_iq_utils/src/models/hsluv_color.dart 60:48         HsluvColor.toHex
  package:color_iq_utils/src/models/hsluv_color.dart 41:24         new HsluvColor.alt
  test\saturate_desaturate_test.dart 63:43                         main.<fn>.<fn>
  
00:04 +266 -10: C:/anti_gravity/color_iq_utils/test/utility_methods_test.dart: Utility Methods Tests ColorIQ inverted
00:04 +267 -10: C:/anti_gravity/color_iq_utils/test/utility_methods_test.dart: Utility Methods Tests ColorIQ grayscale
00:04 +268 -10: C:/anti_gravity/color_iq_utils/test/utility_methods_test.dart: Utility Methods Tests ColorIQ whiten
00:04 +269 -10: C:/anti_gravity/color_iq_utils/test/utility_methods_test.dart: Utility Methods Tests ColorIQ blacken
00:04 +270 -10: C:/anti_gravity/color_iq_utils/test/utility_methods_test.dart: Utility Methods Tests ColorIQ lerp
00:04 +271 -10: C:/anti_gravity/color_iq_utils/test/utility_methods_test.dart: Utility Methods Tests HslColor grayscale optimization
00:04 +272 -10: C:/anti_gravity/color_iq_utils/test/utility_methods_test.dart: Utility Methods Tests Other models delegation (CmykColor)
00:04 +273 -10: C:/anti_gravity/color_iq_utils/test/wcag_test.dart: WCAG Contrast Tests Contrast Ratio Calculation
00:04 +274 -10: C:/anti_gravity/color_iq_utils/test/wcag_test.dart: WCAG Contrast Tests Meets WCAG Levels
00:04 +275 -10: C:/anti_gravity/color_iq_utils/test/wcag_test.dart: WCAG Contrast Tests Extension works on other models
00:04 +276 -10: C:/anti_gravity/color_iq_utils/test/yiq_refactor_test.dart: YiqColor Refactor Tests whiten increases brightness
00:04 +277 -10: C:/anti_gravity/color_iq_utils/test/yiq_refactor_test.dart: YiqColor Refactor Tests blacken decreases brightness
00:04 +278 -10: C:/anti_gravity/color_iq_utils/test/yiq_refactor_test.dart: YiqColor Refactor Tests lerp interpolates correctly
00:04 +279 -10: C:/anti_gravity/color_iq_utils/test/yiq_refactor_test.dart: YiqColor Refactor Tests saturate increases chrominance
00:04 +280 -10: C:/anti_gravity/color_iq_utils/test/yiq_refactor_test.dart: YiqColor Refactor Tests desaturate decreases chrominance
00:04 +281 -10: C:/anti_gravity/color_iq_utils/test/yuv_refactor_test.dart: YuvColor Refactor Tests whiten increases brightness
00:04 +282 -10: C:/anti_gravity/color_iq_utils/test/yuv_refactor_test.dart: YuvColor Refactor Tests blacken decreases brightness
00:04 +283 -10: C:/anti_gravity/color_iq_utils/test/yuv_refactor_test.dart: YuvColor Refactor Tests lerp interpolates correctly
00:04 +284 -10: C:/anti_gravity/color_iq_utils/test/yuv_refactor_test.dart: YuvColor Refactor Tests saturate increases chrominance
00:04 +285 -10: C:/anti_gravity/color_iq_utils/test/yuv_refactor_test.dart: YuvColor Refactor Tests desaturate decreases chrominance
00:04 +286 -10: C:/anti_gravity/color_iq_utils/test/yuv_test.dart: YuvColor Tests darken decreases Y
00:04 +287 -10: C:/anti_gravity/color_iq_utils/test/yuv_test.dart: YuvColor Tests brighten increases Y
00:04 +288 -10: C:/anti_gravity/color_iq_utils/test/yuv_test.dart: YuvColor Tests lighten increases Y
00:04 +289 -10: C:/anti_gravity/color_iq_utils/test/yuv_test.dart: YuvColor Tests saturate increases U and V magnitude
00:04 +290 -10: C:/anti_gravity/color_iq_utils/test/yuv_test.dart: YuvColor Tests desaturate decreases U and V magnitude
00:04 +291 -10: C:/anti_gravity/color_iq_utils/test/yuv_test.dart: YuvColor Tests whiten moves towards white
00:04 +292 -10: C:/anti_gravity/color_iq_utils/test/yuv_test.dart: YuvColor Tests blacken moves towards black
00:04 +293 -10: C:/anti_gravity/color_iq_utils/test/yuv_test.dart: YuvColor Tests lerp interpolates correctly
00:04 +294 -10: Some tests failed.
